Ôû▓ Next.js 16.1.6 (Turbopack)
- Environments: .env.local

npx : ÔÜá The 
"middleware" file 
convention is 
deprecated. Please 
use "proxy" instead. 
Learn more: https://ne
xtjs.org/docs/messages
/middleware-to-proxy
En línea: 1 Carácter: 
1
+ npx next build 2>&1 
| Out-File -FilePath 
build_output.txt; 
Get-Conten ...
+ ~~~~~~~~~~~~~~~~~~~
    + CategoryInfo    
          : NotSpeci  
  fied: (ÔÜá The "m   
 iddle...leware-to    
-proxy:String) []    
, RemoteException
    + FullyQualifiedE 
   rrorId : NativeCo  
  mmandError
 
  Creating an optimized production build ...
Ô¿» ERROR: This build 
is using Turbopack, 
with a `webpack` 
config and no 
`turbopack` config.
   This may be a 
mistake.

   As of Next.js 16 
Turbopack is enabled 
by default and
   custom webpack 
configurations may 
need to be migrated 
to Turbopack.

   NOTE: your 
`webpack` config may 
have been added by a 
configuration plugin.

   To configure 
Turbopack, see https:/
/nextjs.org/docs/app/a
pi-reference/next-conf
ig-js/turbopack

   TIP: Many 
applications work 
fine under Turbopack 
with no configuration,
   if that is the 
case for you, you can 
silence this error by 
passing the
   `--turbopack` or 
`--webpack` flag 
explicitly or simply 
setting an 
   empty turbopack 
config in your Next 
config file (e.g. 
`turbopack: {}`).

> Build error occurred
Error: Call retries 
were exceeded
    at ignore-listed 
frames {
  type: 'WorkerError'
}
